2025-02-05 09:52:07.634+0000 INFO  Logging config in use: Embedded default config 'default-user-logs.xml'
2025-02-05 09:52:07.641+0000 WARN  Use of deprecated setting 'dbms.memory.pagecache.size'. It is replaced by 'server.memory.pagecache.size'.
2025-02-05 09:52:07.645+0000 INFO  Starting...
2025-02-05 09:52:08.921+0000 INFO  This instance is ServerId{d3ce7e3c} (d3ce7e3c-3f91-40b7-be46-489aff4eaba8)
2025-02-05 09:52:10.889+0000 INFO  ======== Neo4j 5.26.1 ========
2025-02-05 09:52:17.394+0000 INFO  Anonymous Usage Data is being sent to Neo4j, see https://neo4j.com/docs/usage-data/
2025-02-05 09:52:17.446+0000 INFO  Bolt enabled on 0.0.0.0:7687.
2025-02-05 09:52:18.304+0000 INFO  HTTP enabled on 0.0.0.0:7474.
2025-02-05 09:52:18.315+0000 INFO  Remote interface available at http://localhost:7474/
2025-02-05 09:52:18.320+0000 INFO  id: F46FDE636ABD15BF1086EFF8374EC6F84607B1836450B8C535ECE90DB863A6E3
2025-02-05 09:52:18.321+0000 INFO  name: system
2025-02-05 09:52:18.321+0000 INFO  creationDate: 2025-02-05T09:52:13.969Z
2025-02-05 09:52:18.322+0000 INFO  Started.
2025-02-05 09:52:55.685+0000 INFO  Neo4j Server shutdown initiated by request
2025-02-05 09:52:55.686+0000 INFO  Stopping...
2025-02-05 09:53:17.960+0000 INFO  Logging config in use: Embedded default config 'default-user-logs.xml'
2025-02-05 09:53:17.967+0000 WARN  Use of deprecated setting 'dbms.memory.pagecache.size'. It is replaced by 'server.memory.pagecache.size'.
2025-02-05 09:53:17.977+0000 INFO  Starting...
2025-02-05 09:53:19.215+0000 INFO  This instance is ServerId{d3ce7e3c} (d3ce7e3c-3f91-40b7-be46-489aff4eaba8)
2025-02-05 09:53:20.650+0000 INFO  ======== Neo4j 5.26.1 ========
2025-02-05 09:53:24.197+0000 INFO  Anonymous Usage Data is being sent to Neo4j, see https://neo4j.com/docs/usage-data/
2025-02-05 09:53:24.247+0000 INFO  Bolt enabled on 0.0.0.0:7687.
2025-02-05 09:53:25.062+0000 INFO  HTTP enabled on 0.0.0.0:7474.
2025-02-05 09:53:25.064+0000 INFO  Remote interface available at http://localhost:7474/
2025-02-05 09:53:25.070+0000 INFO  id: F46FDE636ABD15BF1086EFF8374EC6F84607B1836450B8C535ECE90DB863A6E3
2025-02-05 09:53:25.071+0000 INFO  name: system
2025-02-05 09:53:25.072+0000 INFO  creationDate: 2025-02-05T09:52:13.969Z
2025-02-05 09:53:25.073+0000 INFO  Started.
2025-02-05 09:55:12.802+0000 INFO  Neo4j Server shutdown initiated by request
2025-02-05 09:55:12.810+0000 INFO  Stopping...
